plugin@org.apache.xmlbeans=SVN,trunk,http://10.10.10.2/svn/krs,LanguageTest,org.apache.xmlbeans
feature@org.thanlwinsoft.doccharconvert.feature.core=SVN,trunk,http://10.10.10.2/svn/krs,DocCharConvert,DocCharConvert/org.thanlwinsoft.doccharconvert.feature.core
plugin@org.thanlwinsoft.doccharconvert=SVN,trunk,http://10.10.10.2/svn/krs,DocCharConvert,DocCharConvert/org.thanlwinsoft.doccharconvert
plugin@org.thanlwinsoft.doccharconvert.teckit.linux.x86=SVN,trunk,http://10.10.10.2/svn/krs,DocCharConvert,DocCharConvert/org.thanlwinsoft.doccharconvert.teckit.linux.x86
plugin@org.thanlwinsoft.doccharconvert.teckit.linux.x86_64=SVN,trunk,http://10.10.10.2/svn/krs,DocCharConvert,DocCharConvert/org.thanlwinsoft.doccharconvert.teckit.linux.x86_64
plugin@org.thanlwinsoft.doccharconvert.teckit.win32.x86=SVN,trunk,http://10.10.10.2/svn/krs,DocCharConvert,DocCharConvert/org.thanlwinsoft.doccharconvert.teckit.win32.x86
feature@org.thanlwinsoft.doccharconvert.feature.mien=SVN,trunk,http://10.10.10.2/svn/krs,DocCharConvert,DocCharConvert/org.thanlwinsoft.doccharconvert.feature.mien
feature@org.thanlwinsoft.doccharconvert.feature.myanmar=SVN,trunk,http://10.10.10.2/svn/krs,DocCharConvert,DocCharConvert/org.thanlwinsoft.doccharconvert.feature.myanmar
plugin@org.thanlwinsoft.doccharconvert.converters.myanmar=SVN,trunk,http://10.10.10.2/svn/krs,DocCharConvert,DocCharConvert/org.thanlwinsoft.doccharconvert.converters.myanmar
plugin@org.thanlwinsoft.doccharconvert.converters.mien=SVN,trunk,http://10.10.10.2/svn/krs,DocCharConvert,DocCharConvert/org.thanlwinsoft.doccharconvert.converters.mien
